Archive member included to satisfy reference by file (symbol)

../simpleio/libio.a(simpleio.o)
                              mimgload.o (cls)
../simpleio/libio.a(serial.o)
                              ../simpleio/libio.a(simpleio.o) (serial_putc)

Memory Configuration

Name             Origin             Length             Attributes
*default*        0x0000000000000000 0xffffffffffffffff

Linker script and memory map

                0x0000000000200000                . = 0x200000

.text           0x0000000000200000     0x1bf0
                0x0000000000200000                _text_start = .
 *(.multiboot)
 .multiboot     0x0000000000200000       0x14 bootload.o
                0x000000000020000c                mbi
                0x0000000000200010                mbi_magic
 *(.text)
 .text          0x0000000000200014       0x1a bootload.o
                0x0000000000200014                entry
 *fill*         0x000000000020002e        0x2 
 .text          0x0000000000200030      0x651 mimgload.o
                0x0000000000200030                hasMMap
                0x000000000020007e                mmapAvailable
                0x00000000002000b1                fitsInMemory
                0x0000000000200112                copyMMap
                0x000000000020019f                nextSection
                0x00000000002001ca                validImage
                0x0000000000200375                smartcopy
                0x00000000002003c9                copyStr
                0x0000000000200405                loadSection
                0x00000000002004f5                loadImage
                0x000000000020059f                mimgload
 *fill*         0x0000000000200681        0xf 
 .text          0x0000000000200690      0x471 ../simpleio/libio.a(simpleio.o)
                0x0000000000200734                setVideo
                0x000000000020073e                setWindow
                0x000000000020078c                setAttr
                0x0000000000200796                cls
                0x0000000000200819                putchar
                0x0000000000200949                puts
                0x0000000000200972                printf
 .text          0x0000000000200b01       0x2b ../simpleio/libio.a(serial.o)
                0x0000000000200b01                serial_putc
                0x0000000000200b2c                _text_end = .
                0x0000000000200b2c                _data_start = .
 *(.rodata)
 .rodata        0x0000000000200b2c       0x58 ../simpleio/libio.a(simpleio.o)
 *(.data)
 .data          0x0000000000200b84     0x1000 bootload.o
 *fill*         0x0000000000201b84       0x1c 
 .data          0x0000000000201ba0       0x30 mimgload.o
                0x0000000000201ba0                defaultMMap
 .data          0x0000000000201bd0       0x10 ../simpleio/libio.a(simpleio.o)
 .data          0x0000000000201be0        0x0 ../simpleio/libio.a(serial.o)
                0x0000000000201be0                _data_end = .
                0x0000000000201be0                _bss_start = .
 *(COMMON)
 *(.bss)
 .bss           0x0000000000201be0        0x0 bootload.o
 .bss           0x0000000000201be0        0x0 mimgload.o
 .bss           0x0000000000201be0       0x10 ../simpleio/libio.a(simpleio.o)
 .bss           0x0000000000201bf0        0x0 ../simpleio/libio.a(serial.o)
                0x0000000000201bf0                _bss_end = .
LOAD bootload.o
LOAD mimgload.o
LOAD ../simpleio/libio.a
OUTPUT(mimgload elf32-i386)

.iplt           0x0000000000201bf0        0x0
 .iplt          0x0000000000000000        0x0 bootload.o

.igot.plt       0x0000000000201bf0        0x0
 .igot.plt      0x0000000000000000        0x0 bootload.o

.rel.dyn        0x0000000000201bf0        0x0
 .rel.iplt      0x0000000000000000        0x0 bootload.o
 .rel.text      0x0000000000000000        0x0 bootload.o

.rodata.str1.4  0x0000000000201bf0      0x1c4
 .rodata.str1.4
                0x0000000000201bf0      0x1c4 mimgload.o
                                        0x1c2 (size before relaxing)

.rodata.str1.1  0x0000000000201db4       0xf4
 .rodata.str1.1
                0x0000000000201db4       0xed mimgload.o
                                         0xee (size before relaxing)
 .rodata.str1.1
                0x0000000000201ea1        0x7 ../simpleio/libio.a(simpleio.o)

.eh_frame       0x0000000000201ea8      0x354
 .eh_frame      0x0000000000201ea8      0x200 mimgload.o
 .eh_frame      0x00000000002020a8      0x154 ../simpleio/libio.a(simpleio.o)
                                        0x16c (size before relaxing)

.comment        0x0000000000000000       0x2b
 .comment       0x0000000000000000       0x2b mimgload.o
                                         0x2c (size before relaxing)
 .comment       0x0000000000000000       0x2c ../simpleio/libio.a(simpleio.o)

.note.GNU-stack
                0x0000000000000000        0x0
 .note.GNU-stack
                0x0000000000000000        0x0 mimgload.o
 .note.GNU-stack
                0x0000000000000000        0x0 ../simpleio/libio.a(simpleio.o)
