GAS LISTING boot.s 			page 1


   1              	#-----------------------------------------------------------------------------
   2              	# boot.s:  Multiboot startup file
   3              	#
   4              	# Mark P. Jones, March 2006
   5              	
   6              	#-- Multiboot header: --------------------------------------------------------
   7              	
   8              	        .set    MB_MAGIC,       0x1BADB002
   9              	        .set    MB_ALIGN,       1<<0    # Align modules on page boundaries
  10              	        .set    MB_MEMMAP,      1<<1    # Request memory map
  11              	        .set    MB_FLAGS,       MB_ALIGN|MB_MEMMAP
  12              	
  13              	        .section .multiboot
  14              	        .align 4                        # Multiboot header
  15              	multiboot_header:
  16 0000 02B0AD1B 	        .long MB_MAGIC                  # multiboot magic number
  17 0004 03000000 	        .long MB_FLAGS                  # multiboot flags
  18 0008 FB4F52E4 	        .long -(MB_MAGIC + MB_FLAGS)    # checksum
  19              	
  20              	        .globl	mbi                     # cache for multiboot info pointer
  21 000c 00000000 	mbi:    .long   0
  22              	        .globl	mbi_magic               # cache for multiboot magic number
  23              	mbi_magic:
  24 0010 00000000 	        .long   0
  25              	
  26              	#-- Entry point --------------------------------------------------------------
  27              	
  28              	        .text
  29              	        .globl	entry
  30 0000 FA       	entry:  cli                             # Turn off interrupts
  31 0001 A3000000 	        movl    %eax, mbi_magic         # Save multiboot information
  31      00
  32 0006 891D0000 	        movl    %ebx, mbi
  32      0000
  33 000c 8D250010 	        leal    stack, %esp             # Set up initial kernel stack
  33      0000
  34 0012 E8FCFFFF 	        call    bootinfo
  34      FF
  35 0017 F4       	1:      hlt                             # Catch all, in case bootinfo returns
  36 0018 EBFD     	        jmp     1b
  37              	
  38              	        .data                           # Make space for initial stack
  39              		.align	4
  40 0000 00000000 	        .space  4096
  40      00000000 
  40      00000000 
  40      00000000 
  40      00000000 
  41              	stack:
  42              	
  43              	#-- Done ---------------------------------------------------------------------
GAS LISTING boot.s 			page 2


DEFINED SYMBOLS
              boot.s:8      *ABS*:000000001badb002 MB_MAGIC
              boot.s:9      *ABS*:0000000000000001 MB_ALIGN
              boot.s:10     *ABS*:0000000000000002 MB_MEMMAP
              boot.s:11     *ABS*:0000000000000003 MB_FLAGS
              boot.s:15     .multiboot:0000000000000000 multiboot_header
              boot.s:21     .multiboot:000000000000000c mbi
              boot.s:23     .multiboot:0000000000000010 mbi_magic
              boot.s:30     .text:0000000000000000 entry
              boot.s:41     .data:0000000000001000 stack

UNDEFINED SYMBOLS
bootinfo
